Microchip MPLAB XC8 Compiler V1.31 ()

Linker command line:

--edf=C:\Program Files\Microchip\xc8\v1.31\dat\en_msgs.txt -cs \
  -h+dist/default/production\Projeto1XC8.X.production.sym \
  --cmf=dist/default/production\Projeto1XC8.X.production.cmf -z -Q18F4550 \
  -oC:\Users\Notebook\AppData\Local\Temp\s1pg.6 \
  -Mdist/default/production/Projeto1XC8.X.production.map -E1 -ver=XC8 \
  -ASTACK=060h-07ffh -pstack=STACK \
  -ACODE=01000h-01005h,01008h-01015h,01018h-07FFFh \
  -ACONST=01000h-01005h,01008h-01015h,01018h-07FFFh \
  -ASMALLCONST=01000h-01005h,01008h-01015h,01018h-010FFh,01100h-011FFhx111 \
  -AMEDIUMCONST=01000h-01005h,01008h-01015h,01018h-07FFFh -ACOMRAM=01h-05Fh \
  -AABS1=00h-07FFh -ABIGRAM=01h-07FFh -ARAM=060h-0FFh,0100h-01FFhx7 \
  -ABANK0=060h-0FFh -ABANK1=0100h-01FFh -ABANK2=0200h-02FFh \
  -ABANK3=0300h-03FFh -ABANK4=0400h-04FFh -ABANK5=0500h-05FFh \
  -ABANK6=0600h-06FFh -ABANK7=0700h-07FFh -ASFR=0F60h-0FFFh \
  -preset_vec=01000h,intcode=01008h,intcodelo,powerup,init,end_init \
  -pramtop=0800h -psmallconst=SMALLCONST -pmediumconst=MEDIUMCONST \
  -pconst=CONST -AFARRAM=00h-00h -ACONFIG=0300000h-030000Dh -pconfig=CONFIG \
  -AIDLOC=0200000h-0200007h -pidloc=IDLOC -AEEDATA=0F00000h-0F000FFh \
  -peeprom_data=EEDATA \
  -prdata=COMRAM,nvrram=COMRAM,nvbit=COMRAM,rbss=COMRAM,rbit=COMRAM \
  -pfarbss=FARRAM,fardata=FARRAM,nvFARRAM=FARRAM \
  -pintsave_regs=BIGRAM,bigbss=BIGRAM,bigdata=BIGRAM -pbss=RAM \
  -pidata=CODE,irdata=CODE,ibigdata=CODE,ifardata=CODE \
  C:\Users\Notebook\AppData\Local\Temp\s1pg.obj \
  dist/default/production\Projeto1XC8.X.production.obj 

Object code version is 3.11

Machine type is 18F4550

Call graph: (short form)




                Name                               Link     Load   Length Selector   Space Scale
C:\Users\Notebook\AppData\Local\Temp\s1pg.obj
                end_init                           1018     1018        4      804       0
                reset_vec                          1000     1000        4      800       0
                idloc                            200000   200000        8   200000       0
                config                           300000   300000        E   300000       0
dist/default/production\Projeto1XC8.X.production.obj
                intcode                            1008     1008       10      804       0
                intcode_body                       7D36     7D36       68     3E9B       0
                text7                              7E0A     7E0A       9C     3F05       0
                text6                              7CE0     7CE0       56     3E70       0
                text5                              7C38     7C38       1C     3E1C       0
                text4                              7D9E     7D9E       6C     3ECF       0
                text3                              7EA6     7EA6      15A     3F53       0
                text2                              7C26     7C26       12     3E13       0
                text1                              7CA2     7CA2       3E     3E51       0
                text0                              7C54     7C54       22     3E2A       0
                cstackCOMRAM                          1        1       1D        1       1
                dataCOMRAM                           1E       1E        4        1       1
                bssCOMRAM                            22       22        1        1       1
                cinit                              7C76     7C76       2C     3E3B       0
                idataCOMRAM                        7C22     7C22        4     7C22       0

TOTAL           Name                               Link     Load   Length     Space
        CLASS   STACK          

        CLASS   CODE           
                end_init                           1018     1018        4         0
                intcode                            1008     1008       10         0
                reset_vec                          1000     1000        4         0
                intcode_body                       7D36     7D36       68         0
                text7                              7E0A     7E0A       9C         0
                text6                              7CE0     7CE0       56         0
                text5                              7C38     7C38       1C         0
                text4                              7D9E     7D9E       6C         0
                text3                              7EA6     7EA6      15A         0
                text2                              7C26     7C26       12         0
                text1                              7CA2     7CA2       3E         0
                text0                              7C54     7C54       22         0
                cinit                              7C76     7C76       2C         0
                idataCOMRAM                        7C22     7C22        4         0

        CLASS   CONST          

        CLASS   SMALLCONST     

        CLASS   MEDIUMCONST    

        CLASS   COMRAM         
                cstackCOMRAM                          1        1       1D         1
                dataCOMRAM                           1E       1E        4         1
                bssCOMRAM                            22       22        1         1

        CLASS   ABS1           

        CLASS   BIGRAM         

        CLASS   RAM            

        CLASS   BANK0          

        CLASS   BANK1          

        CLASS   BANK2          

        CLASS   BANK3          

        CLASS   BANK4          

        CLASS   BANK5          

        CLASS   BANK6          

        CLASS   BANK7          

        CLASS   SFR            

        CLASS   FARRAM         

        CLASS   CONFIG         
                config                           300000   300000        E         0

        CLASS   IDLOC          
                idloc                            200000   200000        8         0

        CLASS   EEDATA         



SEGMENTS        Name                           Load    Length   Top    Selector   Space  Class

                cstackCOMRAM                   000001  000022  000023         1       1  COMRAM  
                reset_vec                      001000  000004  001004       800       0  CODE    
                intcode                        001008  000014  00101C       804       0  CODE    
                idataCOMRAM                    007C22  000004  007C26      7C22       0  CODE    
                text2                          007C26  000012  007C38      3E13       0  CODE    
                text5                          007C38  00001C  007C54      3E1C       0  CODE    
                text0                          007C54  000022  007C76      3E2A       0  CODE    
                cinit                          007C76  00002C  007CA2      3E3B       0  CODE    
                text1                          007CA2  00003E  007CE0      3E51       0  CODE    
                text6                          007CE0  000056  007D36      3E70       0  CODE    
                intcode_body                   007D36  000068  007D9E      3E9B       0  CODE    
                text4                          007D9E  00006C  007E0A      3ECF       0  CODE    
                text7                          007E0A  00009C  007EA6      3F05       0  CODE    
                text3                          007EA6  00015A  008000      3F53       0  CODE    
                idloc                          200000  000008  200008    200000       0  IDLOC   
                config                         300000  00000E  30000E    300000       0  CONFIG  


UNUSED ADDRESS RANGES

        Name                Unused          Largest block    Delta
        BANK0            000060-0000FF               A0
        BANK1            000100-0001FF              100
        BANK2            000200-0002FF              100
        BANK3            000300-0003FF              100
        BANK4            000400-0004FF              100
        BANK5            000500-0005FF              100
        BANK6            000600-0006FF              100
        BANK7            000700-0007FF              100
        BIGRAM           000023-0007FF              7DD
        CODE             001004-001005                2
                         00101C-007C21             6C06
        COMRAM           000023-00005F               3D
        CONST            001004-001005                2
                         00101C-007C21             6C06
        EEDATA           F00000-F000FF              100
        FARRAM           000000-000000                1
        MEDIUMCONST      001004-001005                2
                         00101C-007C21             6C06
        RAM              000060-0007FF              100
        SFR              000F60-000FFF               A0
        SMALLCONST       001004-001005                2
                         00101C-007C21              100
        STACK            000060-0007FF              7A0

                                  Symbol Table

?___awmod                cstackCOMRAM 00000F
?___lwdiv                cstackCOMRAM 000016
Delay1KTCYx@unit         cstackCOMRAM 00000F
_ADCON0                  (abs)        000FC2
_ADCON0bits              (abs)        000FC2
_ADCON1                  (abs)        000FC1
_ADCON2                  (abs)        000FC0
_ADCON2bits              (abs)        000FC0
_ADRES                   (abs)        000FC3
_ADRESH                  (abs)        000FC4
_BAUDCON                 (abs)        000FB8
_BAUDCONbits             (abs)        000FB8
_CCP1CON                 (abs)        000FBD
_CCP2CON                 (abs)        000FBA
_CCPR1L                  (abs)        000FBE
_CCPR2L                  (abs)        000FBB
_Delay1KTCYx             text2        007C26
_EEADR                   (abs)        000FA9
_EECON1                  (abs)        000FA6
_EECON1bits              (abs)        000FA6
_EECON2                  (abs)        000FA7
_EEDATA                  (abs)        000FA8
_INTCON2bits             (abs)        000FF1
_INTCON3bits             (abs)        000FF0
_INTCONbits              (abs)        000FF2
_IPR1bits                (abs)        000F9F
_LATA                    (abs)        000F89
_LATB                    (abs)        000F8A
_LATC                    (abs)        000F8B
_OSCCON                  (abs)        000FD3
_OSCCONbits              (abs)        000FD3
_PIE1bits                (abs)        000F9D
_PIE2bits                (abs)        000FA0
_PORTAbits               (abs)        000F80
_PORTBbits               (abs)        000F81
_PORTCbits               (abs)        000F82
_PORTDbits               (abs)        000F83
_PORTEbits               (abs)        000F84
_PR2                     (abs)        000FCB
_R                       dataCOMRAM   00001E
_RCONbits                (abs)        000FD0
_RCSTA                   (abs)        000FAB
_REG                     dataCOMRAM   000020
_REGad                   dataCOMRAM   000021
_SPBRG                   (abs)        000FAF
_SPBRGH                  (abs)        000FB0
_T0CON                   (abs)        000FD5
_T0CONbits               (abs)        000FD5
_T1CON                   (abs)        000FCD
_T1CONbits               (abs)        000FCD
_T2CON                   (abs)        000FCA
_T2CONbits               (abs)        000FCA
_T3CON                   (abs)        000FB1
_T3CONbits               (abs)        000FB1
_TMR0H                   (abs)        000FD7
_TMR0L                   (abs)        000FD6
_TMR1H                   (abs)        000FCF
_TMR1L                   (abs)        000FCE
_TMR3H                   (abs)        000FB3
_TMR3L                   (abs)        000FB2
_TRISA                   (abs)        000F92
_TRISAbits               (abs)        000F92
_TRISB                   (abs)        000F93
_TRISBbits               (abs)        000F93
_TRISC                   (abs)        000F94
_TRISCbits               (abs)        000F94
_TRISDbits               (abs)        000F95
_TXREG                   (abs)        000FAD
_TXSTA                   (abs)        000FAC
_TXSTAbits               (abs)        000FAC
_WDTCONbits              (abs)        000FD1
__HRAM                   (abs)        000000
__Habs1                  abs1         000000
__Hbank0                 bank0        000000
__Hbank1                 bank1        000000
__Hbank2                 bank2        000000
__Hbank3                 bank3        000000
__Hbank4                 bank4        000000
__Hbank5                 bank5        000000
__Hbank6                 bank6        000000
__Hbank7                 bank7        000000
__Hbigbss                bigbss       000000
__Hbigdata               bigdata      000000
__Hbigram                bigram       000000
__Hbss                   bss          000000
__HbssCOMRAM             bssCOMRAM    000000
__Hcinit                 cinit        000000
__Hclrtext               clrtext      000000
__Hcomram                comram       000000
__Hconfig                config       30000E
__Hconst                 const        000000
__HcstackCOMRAM          cstackCOMRAM 000000
__Hdata                  data         000000
__HdataCOMRAM            dataCOMRAM   000000
__Heeprom_data           eeprom_data  000000
__Hend_init              end_init     00101C
__Hfarbss                farbss       000000
__Hfardata               fardata      000000
__Hibigdata              ibigdata     000000
__Hidata                 idata        000000
__HidataCOMRAM           idataCOMRAM  000000
__Hidloc                 idloc        200008
__Hifardata              ifardata     000000
__Hinit                  init         001018
__Hintcode               intcode      001018
__Hintcode_body          intcode_body 000000
__Hintcodelo             intcodelo    001018
__Hintentry              intentry     000000
__Hintret                intret       000000
__Hintsave_regs          intsave_regs 000000
__Hirdata                irdata       000000
__Hmediumconst           mediumconst  000000
__HnvFARRAM              nvFARRAM     000000
__Hnvbit                 nvbit        000000
__Hnvrram                nvrram       000000
__Hparam                 rparam       000000
__Hpowerup               powerup      001018
__Hram                   ram          000000
__Hramtop                ramtop       000800
__Hrbit                  rbit         000000
__Hrbss                  rbss         000000
__Hrdata                 rdata        000000
__Hreset_vec             reset_vec    001004
__Hrparam                rparam       000000
__Hsfr                   sfr          000000
__Hsmallconst            smallconst   000000
__Hstack                 stack        000000
__Hstruct                struct       000000
__Htemp                  temp         000000
__Htext                  text         000000
__Htext0                 text0        000000
__Htext1                 text1        000000
__Htext2                 text2        000000
__Htext3                 text3        000000
__Htext4                 text4        000000
__Htext5                 text5        000000
__Htext6                 text6        000000
__Htext7                 text7        000000
__LRAM                   (abs)        000001
__Labs1                  abs1         000000
__Lbank0                 bank0        000000
__Lbank1                 bank1        000000
__Lbank2                 bank2        000000
__Lbank3                 bank3        000000
__Lbank4                 bank4        000000
__Lbank5                 bank5        000000
__Lbank6                 bank6        000000
__Lbank7                 bank7        000000
__Lbigbss                bigbss       000000
__Lbigdata               bigdata      000000
__Lbigram                bigram       000000
__Lbss                   bss          000000
__LbssCOMRAM             bssCOMRAM    000000
__Lcinit                 cinit        000000
__Lclrtext               clrtext      000000
__Lcomram                comram       000000
__Lconfig                config       300000
__Lconst                 const        000000
__LcstackCOMRAM          cstackCOMRAM 000000
__Ldata                  data         000000
__LdataCOMRAM            dataCOMRAM   000000
__Leeprom_data           eeprom_data  000000
__Lend_init              end_init     001018
__Lfarbss                farbss       000000
__Lfardata               fardata      000000
__Libigdata              ibigdata     000000
__Lidata                 idata        000000
__LidataCOMRAM           idataCOMRAM  000000
__Lidloc                 idloc        200000
__Lifardata              ifardata     000000
__Linit                  init         001018
__Lintcode               intcode      001008
__Lintcode_body          intcode_body 000000
__Lintcodelo             intcodelo    001018
__Lintentry              intentry     000000
__Lintret                intret       000000
__Lintsave_regs          intsave_regs 000000
__Lirdata                irdata       000000
__Lmediumconst           mediumconst  000000
__LnvFARRAM              nvFARRAM     000000
__Lnvbit                 nvbit        000000
__Lnvrram                nvrram       000000
__Lparam                 rparam       000000
__Lpowerup               powerup      001018
__Lram                   ram          000000
__Lramtop                ramtop       000800
__Lrbit                  rbit         000000
__Lrbss                  rbss         000000
__Lrdata                 rdata        000000
__Lreset_vec             reset_vec    001000
__Lrparam                rparam       000000
__Lsfr                   sfr          000000
__Lsmallconst            smallconst   000000
__Lstack                 stack        000000
__Lstruct                struct       000000
__Ltemp                  temp         000000
__Ltext                  text         000000
__Ltext0                 text0        000000
__Ltext1                 text1        000000
__Ltext2                 text2        000000
__Ltext3                 text3        000000
__Ltext4                 text4        000000
__Ltext5                 text5        000000
__Ltext6                 text6        000000
__Ltext7                 text7        000000
__S0                     (abs)        30000E
__S1                     (abs)        000023
__S2                     (abs)        000000
___awmod                 text7        007E0A
___awmod@counter         cstackCOMRAM 000014
___awmod@dividend        cstackCOMRAM 00000F
___awmod@divisor         cstackCOMRAM 000011
___awmod@sign            cstackCOMRAM 000015
___inthi_sp              stack        000000
___intlo_sp              stack        000000
___lwdiv                 text6        007CE0
___lwdiv@counter         cstackCOMRAM 00001D
___lwdiv@dividend        cstackCOMRAM 000016
___lwdiv@divisor         cstackCOMRAM 000018
___lwdiv@quotient        cstackCOMRAM 00001B
___sp                    stack        000000
__accesstop              (abs)        000060
__activetblptr           (abs)        000002
__end_of_Delay1KTCYx     text2        007C38
__end_of___awmod         text7        007EA6
__end_of___lwdiv         text6        007D36
__end_of__initialization cinit        007C98
__end_of_clock_int_4MHz  text4        007E0A
__end_of_interrupcao     intcode_body 007D9E
__end_of_inverte_saida   text3        008000
__end_of_le_eeprom       text5        007C54
__end_of_main            text0        007C76
__end_of_tempo_ms        text1        007CE0
__initialization         cinit        007C76
__mediumconst            mediumconst  000000
__pbssCOMRAM             bssCOMRAM    000022
__pcinit                 cinit        007C76
__pcstackCOMRAM          cstackCOMRAM 000001
__pdataCOMRAM            dataCOMRAM   00001E
__pidataCOMRAM           idataCOMRAM  007C22
__pintcode               intcode      001008
__pintcode_body          intcode_body 007D36
__ptext0                 text0        007C54
__ptext1                 text1        007CA2
__ptext2                 text2        007C26
__ptext3                 text3        007EA6
__ptext4                 text4        007D9E
__ptext5                 text5        007C38
__ptext6                 text6        007CE0
__ptext7                 text7        007E0A
__ramtop                 ramtop       000800
__size_of_Delay1KTCYx    (abs)        000000
__size_of___awmod        (abs)        000000
__size_of___lwdiv        (abs)        000000
__size_of_clock_int_4MHz (abs)        000000
__size_of_interrupcao    (abs)        000000
__size_of_inverte_saida  (abs)        000000
__size_of_le_eeprom      (abs)        000000
__size_of_main           (abs)        000000
__size_of_tempo_ms       (abs)        000000
__smallconst             smallconst   000000
_clock_int_4MHz          text4        007D9E
_interrupcao             intcode      001008
_inverte_saida           text3        007EA6
_k                       bssCOMRAM    000022
_le_eeprom               text5        007C38
_main                    text0        007C54
_tempo_ms                text1        007CA2
end_of_initialization    cinit        007C98
int_func                 intcode_body 007D36
intlevel0                text         000000
intlevel1                text         000000
intlevel2                text         000000
intlevel3                text         000000
inverte_saida@pino       cstackCOMRAM 00000F
le_eeprom@endereco       cstackCOMRAM 00000F
stackhi                  (abs)        0007FF
stacklo                  (abs)        000060
start                    init         001018
start_initialization     cinit        007C76
tempo_ms@i               cstackCOMRAM 000010
tempo_ms@k               cstackCOMRAM 000012


FUNCTION INFORMATION:

 *************** function _main *****************
 Defined at:
		line 8 in file "pisca.c"
 Parameters:    Size  Location     Type
		None
 Auto vars:     Size  Location     Type
		None
 Return value:  Size  Location     Type
		None               void
 Registers used:
		wreg, status,2, status,0, prodl, cstack
 Tracked objects:
		On entry : 
		On exit  : 
		Unchanged: 
 Data sizes:     COMRAM   BANK0   BANK1   BANK2   BANK3   BANK4   BANK5   BANK6   BANK7
      Params:         0       0       0       0       0       0       0       0       0
      Locals:         0       0       0       0       0       0       0       0       0
      Temps:          0       0       0       0       0       0       0       0       0
      Totals:         0       0       0       0       0       0       0       0       0
Total ram usage:        0 bytes
 Hardware stack levels required when called:    3
 This function calls:
		_clock_int_4MHz
		_inverte_saida
		_tempo_ms
 This function is called by:
		Startup code after reset
 This function uses a non-reentrant model


 *************** function _tempo_ms *****************
 Defined at:
		line 574 in file "SanUSB1X.h"
 Parameters:    Size  Location     Type
  i               2   15[COMRAM] unsigned int 
 Auto vars:     Size  Location     Type
  k               2   17[COMRAM] unsigned int 
 Return value:  Size  Location     Type
		None               void
 Registers used:
		wreg, status,2, status,0, cstack
 Tracked objects:
		On entry : 
		On exit  : 
		Unchanged: 
 Data sizes:     COMRAM   BANK0   BANK1   BANK2   BANK3   BANK4   BANK5   BANK6   BANK7
      Params:         2       0       0       0       0       0       0       0       0
      Locals:         2       0       0       0       0       0       0       0       0
      Temps:          0       0       0       0       0       0       0       0       0
      Totals:         4       0       0       0       0       0       0       0       0
Total ram usage:        4 bytes
 Hardware stack levels used:    1
 Hardware stack levels required when called:    2
 This function calls:
		_Delay1KTCYx
 This function is called by:
		_main
		_le_AD8bits
		_le_AD10bits
 This function uses a non-reentrant model


 *************** function _Delay1KTCYx *****************
 Defined at:
		line 8 in file "C:\Program Files\Microchip\xc8\v1.31\sources\pic18\d1ktcyx.c"
 Parameters:    Size  Location     Type
  unit            1    wreg     unsigned char 
 Auto vars:     Size  Location     Type
  unit            1   14[COMRAM] unsigned char 
 Return value:  Size  Location     Type
		None               void
 Registers used:
		wreg
 Tracked objects:
		On entry : 
		On exit  : 
		Unchanged: 
 Data sizes:     COMRAM   BANK0   BANK1   BANK2   BANK3   BANK4   BANK5   BANK6   BANK7
      Params:         0       0       0       0       0       0       0       0       0
      Locals:         1       0       0       0       0       0       0       0       0
      Temps:          0       0       0       0       0       0       0       0       0
      Totals:         1       0       0       0       0       0       0       0       0
Total ram usage:        1 bytes
 Hardware stack levels used:    1
 Hardware stack levels required when called:    1
 This function calls:
		Nothing
 This function is called by:
		_tempo_ms
 This function uses a non-reentrant model


 *************** function _inverte_saida *****************
 Defined at:
		line 411 in file "SanUSB1X.h"
 Parameters:    Size  Location     Type
  pino            2   14[COMRAM] unsigned int 
 Auto vars:     Size  Location     Type
		None
 Return value:  Size  Location     Type
		None               void
 Registers used:
		wreg, status,2, status,0
 Tracked objects:
		On entry : 
		On exit  : 
		Unchanged: 
 Data sizes:     COMRAM   BANK0   BANK1   BANK2   BANK3   BANK4   BANK5   BANK6   BANK7
      Params:         2       0       0       0       0       0       0       0       0
      Locals:         0       0       0       0       0       0       0       0       0
      Temps:          2       0       0       0       0       0       0       0       0
      Totals:         4       0       0       0       0       0       0       0       0
Total ram usage:        4 bytes
 Hardware stack levels used:    1
 Hardware stack levels required when called:    1
 This function calls:
		Nothing
 This function is called by:
		_main
 This function uses a non-reentrant model


 *************** function _clock_int_4MHz *****************
 Defined at:
		line 752 in file "SanUSB1X.h"
 Parameters:    Size  Location     Type
		None
 Auto vars:     Size  Location     Type
		None
 Return value:  Size  Location     Type
		None               void
 Registers used:
		wreg, status,2, status,0, prodl, cstack
 Tracked objects:
		On entry : 
		On exit  : 
		Unchanged: 
 Data sizes:     COMRAM   BANK0   BANK1   BANK2   BANK3   BANK4   BANK5   BANK6   BANK7
      Params:         0       0       0       0       0       0       0       0       0
      Locals:         0       0       0       0       0       0       0       0       0
      Temps:          0       0       0       0       0       0       0       0       0
      Totals:         0       0       0       0       0       0       0       0       0
Total ram usage:        0 bytes
 Hardware stack levels used:    1
 Hardware stack levels required when called:    2
 This function calls:
		___awmod
		___lwdiv
		_le_eeprom
 This function is called by:
		_main
 This function uses a non-reentrant model


 *************** function _le_eeprom *****************
 Defined at:
		line 743 in file "SanUSB1X.h"
 Parameters:    Size  Location     Type
  endereco        1    wreg     unsigned char 
 Auto vars:     Size  Location     Type
  endereco        1   14[COMRAM] unsigned char 
 Return value:  Size  Location     Type
                  1    wreg      unsigned char 
 Registers used:
		wreg, status,2
 Tracked objects:
		On entry : 
		On exit  : 
		Unchanged: 
 Data sizes:     COMRAM   BANK0   BANK1   BANK2   BANK3   BANK4   BANK5   BANK6   BANK7
      Params:         0       0       0       0       0       0       0       0       0
      Locals:         1       0       0       0       0       0       0       0       0
      Temps:          0       0       0       0       0       0       0       0       0
      Totals:         1       0       0       0       0       0       0       0       0
Total ram usage:        1 bytes
 Hardware stack levels used:    1
 Hardware stack levels required when called:    1
 This function calls:
		Nothing
 This function is called by:
		_clock_int_4MHz
 This function uses a non-reentrant model


 *************** function ___lwdiv *****************
 Defined at:
		line 8 in file "C:\Program Files\Microchip\xc8\v1.31\sources\common\lwdiv.c"
 Parameters:    Size  Location     Type
  dividend        2   21[COMRAM] unsigned int 
  divisor         2   23[COMRAM] unsigned int 
 Auto vars:     Size  Location     Type
  quotient        2   26[COMRAM] unsigned int 
  counter         1   28[COMRAM] unsigned char 
 Return value:  Size  Location     Type
                  2   21[COMRAM] unsigned int 
 Registers used:
		wreg, status,2, status,0
 Tracked objects:
		On entry : 
		On exit  : 
		Unchanged: 
 Data sizes:     COMRAM   BANK0   BANK1   BANK2   BANK3   BANK4   BANK5   BANK6   BANK7
      Params:         4       0       0       0       0       0       0       0       0
      Locals:         3       0       0       0       0       0       0       0       0
      Temps:          1       0       0       0       0       0       0       0       0
      Totals:         8       0       0       0       0       0       0       0       0
Total ram usage:        8 bytes
 Hardware stack levels used:    1
 Hardware stack levels required when called:    1
 This function calls:
		Nothing
 This function is called by:
		_clock_int_4MHz
		_sendnum
 This function uses a non-reentrant model


 *************** function ___awmod *****************
 Defined at:
		line 8 in file "C:\Program Files\Microchip\xc8\v1.31\sources\common\awmod.c"
 Parameters:    Size  Location     Type
  dividend        2   14[COMRAM] int 
  divisor         2   16[COMRAM] int 
 Auto vars:     Size  Location     Type
  sign            1   20[COMRAM] unsigned char 
  counter         1   19[COMRAM] unsigned char 
 Return value:  Size  Location     Type
                  2   14[COMRAM] int 
 Registers used:
		wreg, status,2, status,0, prodl
 Tracked objects:
		On entry : 
		On exit  : 
		Unchanged: 
 Data sizes:     COMRAM   BANK0   BANK1   BANK2   BANK3   BANK4   BANK5   BANK6   BANK7
      Params:         4       0       0       0       0       0       0       0       0
      Locals:         2       0       0       0       0       0       0       0       0
      Temps:          1       0       0       0       0       0       0       0       0
      Totals:         7       0       0       0       0       0       0       0       0
Total ram usage:        7 bytes
 Hardware stack levels used:    1
 Hardware stack levels required when called:    1
 This function calls:
		Nothing
 This function is called by:
		_clock_int_4MHz
 This function uses a non-reentrant model


 *************** function _interrupcao *****************
 Defined at:
		line 5 in file "pisca.c"
 Parameters:    Size  Location     Type
		None
 Auto vars:     Size  Location     Type
		None
 Return value:  Size  Location     Type
		None               void
 Registers used:
		None
 Tracked objects:
		On entry : 
		On exit  : 
		Unchanged: 
 Data sizes:     COMRAM   BANK0   BANK1   BANK2   BANK3   BANK4   BANK5   BANK6   BANK7
      Params:         0       0       0       0       0       0       0       0       0
      Locals:         0       0       0       0       0       0       0       0       0
      Temps:         14       0       0       0       0       0       0       0       0
      Totals:        14       0       0       0       0       0       0       0       0
Total ram usage:       14 bytes
 Hardware stack levels used:    1
 This function calls:
		Nothing
 This function is called by:
		Interrupt level 2
 This function uses a non-reentrant model



MODULE INFORMATION

Module		Function		Class		Link	Load	Size
C:\Program Files\Microchip\xc8\v1.31\sources\common\lwdiv.c
		___lwdiv       		CODE           	7CE0	0000	86

C:\Program Files\Microchip\xc8\v1.31\sources\common\lwdiv.c estimated size: 86

shared
		__initializatio		CODE           	7C76	0000	34

shared estimated size: 34

pisca.c
		_main          		CODE           	7C54	0000	34
		_interrupcao   		CODE           	1008	0000	28054

pisca.c estimated size: 28088

C:\Program Files\Microchip\xc8\v1.31\sources\pic18\d1ktcyx.c
		_Delay1KTCYx   		CODE           	7C26	0000	18

C:\Program Files\Microchip\xc8\v1.31\sources\pic18\d1ktcyx.c estimated size: 18

SanUSB1X.h
		_clock_int_4MHz		CODE           	7D9E	0000	108
		_inverte_saida 		CODE           	7EA6	0000	346
		_le_eeprom     		CODE           	7C38	0000	28
		_tempo_ms      		CODE           	7CA2	0000	62

SanUSB1X.h estimated size: 544

C:\Program Files\Microchip\xc8\v1.31\sources\common\awmod.c
		___awmod       		CODE           	7E0A	0000	156

C:\Program Files\Microchip\xc8\v1.31\sources\common\awmod.c estimated size: 156

